============================================================
TEST: Full Lead Collection Flow
============================================================

--- STEP 1: First contact says "Hi" ---
BOT: Welcome to Siri Beauty and Wellness Center! I'm Siri Assistant. What's your name?

CHECK: Does it ask for name? YES Γ£à

--- STEP 2: Customer gives name ---
BOT: Hi Priya, it's a pleasure to meet you! What service are you interested in today? We offer a wide range of beauty and wellness treatments, including facials, massages, hair styling, and more.


--- STEP 3: Customer asks about a service ---
[RAG] Detected "Siri Beauty and Wellness" in message. Pre-scraping: https://siribeautyandwellness.com/
[WebScraper] Fetching content for URL: https://siribeautyandwellness.com/
[WebScraper] Successfully extracted 4456 characters from https://siribeautyandwellness.com/
[RAG] Successfully scraped https://siribeautyandwellness.com/ (4456 chars)
BOT: We're happy to help you with a Hydrafacial, Priya! To book you in, what is your preferred date and time for the treatment?


--- STEP 4: Customer gives date/time ---
BOT: Okay, March 20th at 3 PM sounds good. To confirm, could you please let me know which area in Bangalore you're located in or which location is most convenient for you?


--- STEP 5: Customer gives location ---
BOT: Great, Koramangala works! So, just to confirm, you'd like to book a Hydrafacial treatment for March 20th at 3 PM at our Koramangala location. Is that correct?

<LEAD_DATA>
{"name":"Priya Sharma","phone":"","location":"Koramangala","priority":"HIGH","enquiryDetails":"Hydrafacial treatment on March 20th at 3 PM"}
</LEAD_DATA>


============================================================
RESULTS:
============================================================
LEAD_DATA block found in responses? YES Γ£à
LEAD_DATA content: {"name":"Priya Sharma","phone":"","location":"Koramangala","priority":"HIGH","enquiryDetails":"Hydrafacial treatment on March 20th at 3 PM"}
Parsed lead: {
  "name": "Priya Sharma",
  "phone": "",
  "location": "Koramangala",
  "priority": "HIGH",
  "enquiryDetails": "Hydrafacial treatment on March 20th at 3 PM"
}

Leads in leads.json: 0

============================================================
RAW RESPONSE DUMP (checking for hidden LEAD_DATA):
============================================================

--- Response 1 RAW ---
"Welcome to Siri Beauty and Wellness Center! I'm Siri Assistant. What's your name?\n"

--- Response 2 RAW ---
"Hi Priya, it's a pleasure to meet you! What service are you interested in today? We offer a wide range of beauty and wellness treatments, including facials, massages, hair styling, and more.\n"

--- Response 3 RAW ---
"We're happy to help you with a Hydrafacial, Priya! To book you in, what is your preferred date and time for the treatment?\n"

--- Response 4 RAW ---
"Okay, March 20th at 3 PM sounds good. To confirm, could you please let me know which area in Bangalore you're located in or which location is most convenient for you?\n"

--- Response 5 RAW ---
"Great, Koramangala works! So, just to confirm, you'd like to book a Hydrafacial treatment for March 20th at 3 PM at our Koramangala location. Is that correct?\n\n<LEAD_DATA>\n{\"name\":\"Priya Sharma\",\"phone\":\"\",\"location\":\"Koramangala\",\"priority\":\"HIGH\",\"enquiryDetails\":\"Hydrafacial treatment on March 20th at 3 PM\"}\n</LEAD_DATA>\n"

Test complete.
